[{2000 closed } {2001 closed } {2002 closed } {2003 closed } {2004 closed } {2005 closed } {2006 closed } {2007 closed } {2008 closed } {2009 closed } {2010 closed } {2011 closed } {2012 closed } {2013 closed } {2014 closed } {2015 closed } {2016 closed } {2017 closed } {2018 closed } {2019 closed } {2020 closed } {2021 closed } {2022 closed } {2023 closed } {2024 closed } {2025 closed } {2026 closed } {2027 closed } {2028 closed } {2029 closed } {2030 closed } {2031 closed } {2032 closed } {2033 closed } {2034 closed } {2035 closed } {2036 closed } {2037 closed } {2038 closed } {2039 closed } {2040 closed } {2041 closed } {2042 closed } {2043 closed } {2044 closed } {2045 closed } {2046 closed } {2047 closed } {2048 closed } {2049 closed } {2050 closed } {2051 closed } {2052 closed } {2053 closed } {2054 closed } {2055 closed } {2056 closed } {2057 closed } {2058 closed } {2059 closed } {2060 closed } {2061 closed } {2062 closed } {2063 closed } {2064 closed } {2065 closed } {2066 closed } {2067 closed } {2068 closed } {2069 closed } {2070 closed } {2071 closed } {2072 closed } {2073 closed } {2074 closed } {2075 closed } {2076 closed } {2077 closed } {2078 closed } {2079 closed } {2080 closed } {2081 closed } {2082 closed } {2083 closed } {2084 closed } {2085 closed } {2086 closed } {2087 closed } {2088 closed } {2089 closed } {2090 closed } {2091 closed } {2092 closed } {2093 closed } {2094 closed } {2095 closed } {2096 closed } {2097 closed } {2098 closed } {2099 closed } {2100 closed } {2101 closed } {2102 closed } {2103 closed } {2104 closed } {2105 closed } {2106 closed } {2107 closed } {2108 closed } {2109 closed } {2110 closed } {2111 closed } {2112 closed } {2113 closed } {2114 closed } {2115 closed } {2116 closed } {2117 closed } {2118 closed } {2119 closed } {2120 closed } {2121 closed } {2122 closed } {2123 closed } {2124 closed } {2125 closed } {2126 closed } {2127 closed } {2128 closed } {2129 closed } {2130 closed } {2131 closed } {2132 closed } {2133 closed } {2134 closed } {2135 closed } {2136 closed } {2137 closed } {2138 closed } {2139 closed } {2140 closed } {2141 closed } {2142 closed } {2143 closed } {2144 closed } {2145 closed } {2146 closed } {2147 closed } {2148 closed } {2149 closed } {2150 closed } {2151 closed } {2152 closed } {2153 closed } {2154 closed } {2155 closed } {2156 closed } {2157 closed } {2158 closed } {2159 closed } {2160 closed } {2161 closed } {2162 closed } {2163 closed } {2164 closed } {2165 closed } {2166 closed } {2167 closed } {2168 closed } {2169 closed } {2170 closed } {2171 closed } {2172 closed } {2173 closed } {2174 closed } {2175 closed } {2176 closed } {2177 closed } {2178 closed } {2179 closed } {2180 closed } {2181 closed } {2182 closed } {2183 closed } {2184 closed } {2185 closed } {2186 closed } {2187 closed } {2188 closed } {2189 closed } {2190 closed } {2191 closed } {2192 closed } {2193 closed } {2194 closed } {2195 closed } {2196 closed } {2197 closed } {2198 closed } {2199 closed } {2200 closed } {2201 closed } {2202 closed } {2203 closed } {2204 closed } {2205 closed } {2206 closed } {2207 closed } {2208 closed } {2209 closed } {2210 closed } {2211 closed } {2212 closed } {2213 closed } {2214 closed } {2215 closed } {2216 closed } {2217 closed } {2218 closed } {2219 closed } {2220 closed } {2221 closed } {2222 closed } {2223 closed } {2224 closed } {2225 closed } {2226 closed } {2227 closed } {2228 closed } {2229 closed } {2230 closed } {2231 closed } {2232 closed } {2233 closed } {2234 closed } {2235 closed } {2236 closed } {2237 closed } {2238 closed } {2239 closed } {2240 closed } {2241 closed } {2242 closed } {2243 closed } {2244 closed } {2245 closed } {2246 closed } {2247 closed } {2248 closed } {2249 closed } {2250 closed } {2251 closed } {2252 closed } {2253 closed } {2254 closed } {2255 closed } {2256 closed } {2257 closed } {2258 closed } {2259 closed } {2260 closed } {2261 closed } {2262 closed } {2263 closed } {2264 closed } {2265 closed } {2266 closed } {2267 closed } {2268 closed } {2269 closed } {2270 closed } {2271 closed } {2272 closed } {2273 closed } {2274 closed } {2275 closed } {2276 closed } {2277 closed } {2278 closed } {2279 closed } {2280 closed } {2281 closed } {2282 closed } {2283 closed } {2284 closed } {2285 closed } {2286 closed } {2287 closed } {2288 closed } {2289 closed } {2290 closed } {2291 closed } {2292 closed } {2293 closed } {2294 closed } {2295 closed } {2296 closed } {2297 closed } {2298 closed } {2299 closed } {2300 closed } {2301 closed } {2302 closed } {2303 closed } {2304 closed } {2305 closed } {2306 closed } {2307 closed } {2308 closed } {2309 closed } {2310 closed } {2311 closed } {2312 closed } {2313 closed } {2314 closed } {2315 closed } {2316 closed } {2317 closed } {2318 closed } {2319 closed } {2320 closed } {2321 closed } {2322 closed } {2323 closed } {2324 closed } {2325 closed } {2326 closed } {2327 closed } {2328 closed } {2329 closed } {2330 closed } {2331 closed } {2332 closed } {2333 closed } {2334 closed } {2335 closed } {2336 closed } {2337 closed } {2338 closed } {2339 closed } {2340 closed } {2341 closed } {2342 closed } {2343 closed } {2344 closed } {2345 closed } {2346 closed } {2347 closed } {2348 closed } {2349 closed } {2350 closed } {2351 closed } {2352 closed } {2353 closed } {2354 closed } {2355 closed } {2356 closed } {2357 closed } {2358 closed } {2359 closed } {2360 closed } {2361 closed } {2362 closed } {2363 closed } {2364 closed } {2365 closed } {2366 closed } {2367 closed } {2368 closed } {2369 closed } {2370 closed } {2371 closed } {2372 closed } {2373 closed } {2374 closed } {2375 closed } {2376 closed } {2377 closed } {2378 closed } {2379 closed } {2380 closed } {2381 closed } {2382 closed } {2383 closed } {2384 closed } {2385 closed } {2386 closed } {2387 closed } {2388 closed } {2389 closed } {2390 closed } {2391 closed } {2392 closed } {2393 closed } {2394 closed } {2395 closed } {2396 closed } {2397 closed } {2398 closed } {2399 closed } {2400 closed } {2401 closed } {2402 closed } {2403 closed } {2404 closed } {2405 closed } {2406 closed } {2407 closed } {2408 closed } {2409 closed } {2410 closed } {2411 closed } {2412 closed } {2413 closed } {2414 closed } {2415 closed } {2416 closed } {2417 closed } {2418 closed } {2419 closed } {2420 closed } {2421 closed } {2422 closed } {2423 closed } {2424 closed } {2425 closed } {2426 closed } {2427 closed } {2428 closed } {2429 closed } {2430 closed } {2431 closed } {2432 closed } {2433 closed } {2434 closed } {2435 closed } {2436 closed } {2437 closed } {2438 closed } {2439 closed } {2440 closed } {2441 closed } {2442 closed } {2443 closed } {2444 closed } {2445 closed } {2446 closed } {2447 closed } {2448 closed } {2449 closed } {2450 closed } {2451 closed } {2452 closed } {2453 closed } {2454 closed } {2455 closed } {2456 closed } {2457 closed } {2458 closed } {2459 closed } {2460 closed } {2461 closed } {2462 closed } {2463 closed } {2464 closed } {2465 closed } {2466 closed } {2467 closed } {2468 closed } {2469 closed } {2470 closed } {2471 closed } {2472 closed } {2473 closed } {2474 closed } {2475 closed } {2476 closed } {2477 closed } {2478 closed } {2479 closed } {2480 closed } {2481 closed } {2482 closed } {2483 closed } {2484 closed } {2485 closed } {2486 closed } {2487 closed } {2488 closed } {2489 closed } {2490 closed } {2491 closed } {2492 closed } {2493 closed } {2494 closed } {2495 closed } {2496 closed } {2497 closed } {2498 closed } {2499 closed } {2500 closed } {2501 closed } {2502 closed } {2503 closed } {2504 closed } {2505 closed } {2506 closed } {2507 closed } {2508 closed } {2509 closed } {2510 closed } {2511 closed } {2512 closed } {2513 closed } {2514 closed } {2515 closed } {2516 closed } {2517 closed } {2518 closed } {2519 closed } {2520 closed } {2521 closed } {2522 closed } {2523 closed } {2524 closed } {2525 closed } {2526 closed } {2527 closed } {2528 closed } {2529 closed } {2530 closed } {2531 closed } {2532 closed } {2533 closed } {2534 closed } {2535 closed } {2536 closed } {2537 closed } {2538 closed } {2539 closed } {2540 closed } {2541 closed } {2542 closed } {2543 closed } {2544 closed } {2545 closed } {2546 closed } {2547 closed } {2548 closed } {2549 closed } {2550 closed } {2551 closed } {2552 closed } {2553 closed } {2554 closed } {2555 closed } {2556 closed } {2557 closed } {2558 closed } {2559 closed } {2560 closed } {2561 closed } {2562 closed } {2563 closed } {2564 closed } {2565 closed } {2566 closed } {2567 closed } {2568 closed } {2569 closed } {2570 closed } {2571 closed } {2572 closed } {2573 closed } {2574 closed } {2575 closed } {2576 closed } {2577 closed } {2578 closed } {2579 closed } {2580 closed } {2581 closed } {2582 closed } {2583 closed } {2584 closed } {2585 closed } {2586 closed } {2587 closed } {2588 closed } {2589 closed } {2590 closed } {2591 closed } {2592 closed } {2593 closed } {2594 closed } {2595 closed } {2596 closed } {2597 closed } {2598 closed } {2599 closed } {2600 closed } {2601 closed } {2602 closed } {2603 closed } {2604 closed } {2605 closed } {2606 closed } {2607 closed } {2608 closed } {2609 closed } {2610 closed } {2611 closed } {2612 closed } {2613 closed } {2614 closed } {2615 closed } {2616 closed } {2617 closed } {2618 closed } {2619 closed } {2620 closed } {2621 closed } {2622 closed } {2623 closed } {2624 closed } {2625 closed } {2626 closed } {2627 closed } {2628 closed } {2629 closed } {2630 closed } {2631 closed } {2632 closed } {2633 closed } {2634 closed } {2635 closed } {2636 closed } {2637 closed } {2638 closed } {2639 closed } {2640 closed } {2641 closed } {2642 closed } {2643 closed } {2644 closed } {2645 closed } {2646 closed } {2647 closed } {2648 closed } {2649 closed } {2650 closed } {2651 closed } {2652 closed } {2653 closed } {2654 closed } {2655 closed } {2656 closed } {2657 closed } {2658 closed } {2659 closed } {2660 closed } {2661 closed } {2662 closed } {2663 closed } {2664 closed } {2665 closed } {2666 closed } {2667 closed } {2668 closed } {2669 closed } {2670 closed } {2671 closed } {2672 closed } {2673 closed } {2674 closed } {2675 closed } {2676 closed } {2677 closed } {2678 closed } {2679 closed } {2680 closed } {2681 closed } {2682 closed } {2683 closed } {2684 closed } {2685 closed } {2686 closed } {2687 closed } {2688 closed } {2689 closed } {2690 closed } {2691 closed } {2692 closed } {2693 closed } {2694 closed } {2695 closed } {2696 closed } {2697 closed } {2698 closed } {2699 closed } {2700 closed } {2701 closed } {2702 closed } {2703 closed } {2704 closed } {2705 closed } {2706 closed } {2707 closed } {2708 closed } {2709 closed } {2710 closed } {2711 closed } {2712 closed } {2713 closed } {2714 closed } {2715 closed } {2716 closed } {2717 closed } {2718 closed } {2719 closed } {2720 closed } {2721 closed } {2722 closed } {2723 closed } {2724 closed } {2725 closed } {2726 closed } {2727 closed } {2728 closed } {2729 closed } {2730 closed } {2731 closed } {2732 closed } {2733 closed } {2734 closed } {2735 closed } {2736 closed } {2737 closed } {2738 closed } {2739 closed } {2740 closed } {2741 closed } {2742 closed } {2743 closed } {2744 closed } {2745 closed } {2746 closed } {2747 closed } {2748 closed } {2749 closed } {2750 closed } {2751 closed } {2752 closed } {2753 closed } {2754 closed } {2755 closed } {2756 closed } {2757 closed } {2758 closed } {2759 closed } {2760 closed } {2761 closed } {2762 closed } {2763 closed } {2764 closed } {2765 closed } {2766 closed } {2767 closed } {2768 closed } {2769 closed } {2770 closed } {2771 closed } {2772 closed } {2773 closed } {2774 closed } {2775 closed } {2776 closed } {2777 closed } {2778 closed } {2779 closed } {2780 closed } {2781 closed } {2782 closed } {2783 closed } {2784 closed } {2785 closed } {2786 closed } {2787 closed } {2788 closed } {2789 closed } {2790 closed } {2791 closed } {2792 closed } {2793 closed } {2794 closed } {2795 closed } {2796 closed } {2797 closed } {2798 closed } {2799 closed } {2800 closed } {2801 closed } {2802 closed } {2803 closed } {2804 closed } {2805 closed } {2806 closed } {2807 closed } {2808 closed } {2809 closed } {2810 closed } {2811 closed } {2812 closed } {2813 closed } {2814 closed } {2815 closed } {2816 closed } {2817 closed } {2818 closed } {2819 closed } {2820 closed } {2821 closed } {2822 closed } {2823 closed } {2824 closed } {2825 closed } {2826 closed } {2827 closed } {2828 closed } {2829 closed } {2830 closed } {2831 closed } {2832 closed } {2833 closed } {2834 closed } {2835 closed } {2836 closed } {2837 closed } {2838 closed } {2839 closed } {2840 closed } {2841 closed } {2842 closed } {2843 closed } {2844 closed } {2845 closed } {2846 closed } {2847 closed } {2848 closed } {2849 closed } {2850 closed } {2851 closed } {2852 closed } {2853 closed } {2854 closed } {2855 closed } {2856 closed } {2857 closed } {2858 closed } {2859 closed } {2860 closed } {2861 closed } {2862 closed } {2863 closed } {2864 closed } {2865 closed } {2866 closed } {2867 closed } {2868 closed } {2869 closed } {2870 closed } {2871 closed } {2872 closed } {2873 closed } {2874 closed } {2875 closed } {2876 closed } {2877 closed } {2878 closed } {2879 closed } {2880 closed } {2881 closed } {2882 closed } {2883 closed } {2884 closed } {2885 closed } {2886 closed } {2887 closed } {2888 closed } {2889 closed } {2890 closed } {2891 closed } {2892 closed } {2893 closed } {2894 closed } {2895 closed } {2896 closed } {2897 closed } {2898 closed } {2899 closed } {2900 closed } {2901 closed } {2902 closed } {2903 closed } {2904 closed } {2905 closed } {2906 closed } {2907 closed } {2908 closed } {2909 closed } {2910 closed } {2911 closed } {2912 closed } {2913 closed } {2914 closed } {2915 closed } {2916 closed } {2917 closed } {2918 closed } {2919 closed } {2920 closed } {2921 closed } {2922 closed } {2923 closed } {2924 closed } {2925 closed } {2926 closed } {2927 closed } {2928 closed } {2929 closed } {2930 closed } {2931 closed } {2932 closed } {2933 closed } {2934 closed } {2935 closed } {2936 closed } {2937 closed } {2938 closed } {2939 closed } {2940 closed } {2941 closed } {2942 closed } {2943 closed } {2944 closed } {2945 closed } {2946 closed } {2947 closed } {2948 closed } {2949 closed } {2950 closed } {2951 closed } {2952 closed } {2953 closed } {2954 closed } {2955 closed } {2956 closed } {2957 closed } {2958 closed } {2959 closed } {2960 closed } {2961 closed } {2962 closed } {2963 closed } {2964 closed } {2965 closed } {2966 closed } {2967 closed } {2968 closed } {2969 closed } {2970 closed } {2971 closed } {2972 closed } {2973 closed } {2974 closed } {2975 closed } {2976 closed } {2977 closed } {2978 closed } {2979 closed } {2980 closed } {2981 closed } {2982 closed } {2983 closed } {2984 closed } {2985 closed } {2986 closed } {2987 closed } {2988 closed } {2989 closed } {2990 closed } {2991 closed } {2992 closed } {2993 closed } {2994 closed } {2995 closed } {2996 closed } {2997 closed } {2998 closed } {2999 closed } {3000 closed } {3001 closed } {3002 closed } {3003 closed } {3004 closed } {3005 closed } {3006 closed } {3007 closed } {3008 closed } {3009 closed } {3010 closed } {3011 closed } {3012 closed } {3013 closed } {3014 closed } {3015 closed } {3016 closed } {3017 closed } {3018 closed } {3019 closed } {3020 closed } {3021 closed } {3022 closed } {3023 closed } {3024 closed } {3025 closed } {3026 closed } {3027 closed } {3028 closed } {3029 closed } {3030 open <unknown>}]