[{3000 closed } {3001 closed } {3002 closed } {3003 closed } {3004 closed } {3005 closed } {3006 closed } {3007 closed } {3008 closed } {3009 closed } {3010 closed } {3011 closed } {3012 closed } {3013 closed } {3014 closed } {3015 closed } {3016 closed } {3017 closed } {3018 closed } {3019 closed } {3020 closed } {3021 closed } {3022 closed } {3023 closed } {3024 closed } {3025 closed } {3026 closed } {3027 closed } {3028 closed } {3029 closed } {3030 open <unknown>}]